Archive member included to satisfy reference by file (symbol)

c:/program files (x86)/atmel/studio/7.0/toolchain/avr8/avr8-gnu-toolchain/bin/../lib/gcc/avr/5.4.0/avr5\libgcc.a(_exit.o)
                              C:/Program Files (x86)/Atmel/Studio/7.0/Packs/atmel/ATmega_DFP/1.7.374/gcc/dev/atmega32/avr5/crtatmega32.o (exit)
c:/program files (x86)/atmel/studio/7.0/toolchain/avr8/avr8-gnu-toolchain/bin/../lib/gcc/avr/5.4.0/avr5\libgcc.a(_copy_data.o)
                              Application/App.o (__do_copy_data)
c:/program files (x86)/atmel/studio/7.0/toolchain/avr8/avr8-gnu-toolchain/bin/../lib/gcc/avr/5.4.0/avr5\libgcc.a(_clear_bss.o)
                              Application/App.o (__do_clear_bss)
c:/program files (x86)/atmel/studio/7.0/toolchain/avr8/avr8-gnu-toolchain/bin/../lib/gcc/avr/5.4.0/../../../../avr/lib/avr5\libc.a(itoa_ncheck.o)
                              HAL/LCD/AVR_LCD.o (__itoa_ncheck)
c:/program files (x86)/atmel/studio/7.0/toolchain/avr8/avr8-gnu-toolchain/bin/../lib/gcc/avr/5.4.0/../../../../avr/lib/avr5\libc.a(utoa_ncheck.o)
                              c:/program files (x86)/atmel/studio/7.0/toolchain/avr8/avr8-gnu-toolchain/bin/../lib/gcc/avr/5.4.0/../../../../avr/lib/avr5\libc.a(itoa_ncheck.o) (__utoa_common)
c:/program files (x86)/atmel/studio/7.0/toolchain/avr8/avr8-gnu-toolchain/bin/../lib/gcc/avr/5.4.0/../../../../avr/lib/avr5\libc.a(strrev.o)
                              c:/program files (x86)/atmel/studio/7.0/toolchain/avr8/avr8-gnu-toolchain/bin/../lib/gcc/avr/5.4.0/../../../../avr/lib/avr5\libc.a(utoa_ncheck.o) (strrev)

Discarded input sections

 .data          0x00000000        0x0 C:/Program Files (x86)/Atmel/Studio/7.0/Packs/atmel/ATmega_DFP/1.7.374/gcc/dev/atmega32/avr5/crtatmega32.o
 .bss           0x00000000        0x0 C:/Program Files (x86)/Atmel/Studio/7.0/Packs/atmel/ATmega_DFP/1.7.374/gcc/dev/atmega32/avr5/crtatmega32.o
 .text          0x00000000        0x0 Application/App.o
 .data          0x00000000        0x0 Application/App.o
 .bss           0x00000000        0x0 Application/App.o
 .text          0x00000000        0x0 HAL/Button/Button.o
 .data          0x00000000        0x0 HAL/Button/Button.o
 .bss           0x00000000        0x0 HAL/Button/Button.o
 .text.Button_init
                0x00000000       0x3c HAL/Button/Button.o
 .text.Button_Read
                0x00000000       0x52 HAL/Button/Button.o
 .debug_info    0x00000000      0x293 HAL/Button/Button.o
 .debug_abbrev  0x00000000      0x143 HAL/Button/Button.o
 .debug_loc     0x00000000       0xcd HAL/Button/Button.o
 .debug_aranges
                0x00000000       0x28 HAL/Button/Button.o
 .debug_ranges  0x00000000       0x18 HAL/Button/Button.o
 .debug_line    0x00000000      0x1cd HAL/Button/Button.o
 .debug_str     0x00000000      0x2a2 HAL/Button/Button.o
 .comment       0x00000000       0x31 HAL/Button/Button.o
 .debug_frame   0x00000000       0x40 HAL/Button/Button.o
 .text          0x00000000        0x0 HAL/LCD/AVR_LCD.o
 .data          0x00000000        0x0 HAL/LCD/AVR_LCD.o
 .bss           0x00000000        0x0 HAL/LCD/AVR_LCD.o
 .text.LCD_displayStringRowColumn
                0x00000000       0x16 HAL/LCD/AVR_LCD.o
 .text.LCD_intgerToString
                0x00000000       0x3a HAL/LCD/AVR_LCD.o
 .text          0x00000000        0x0 HAL/LED/LED.o
 .data          0x00000000        0x0 HAL/LED/LED.o
 .bss           0x00000000        0x0 HAL/LED/LED.o
 .text          0x00000000        0x0 main.o
 .data          0x00000000        0x0 main.o
 .bss           0x00000000        0x0 main.o
 .text          0x00000000        0x0 MCAL/DIO/atmega32_DIO.o
 .data          0x00000000        0x0 MCAL/DIO/atmega32_DIO.o
 .bss           0x00000000        0x0 MCAL/DIO/atmega32_DIO.o
 .text.DIO_setupPortDirection
                0x00000000       0x24 MCAL/DIO/atmega32_DIO.o
 .text.DIO_writePort
                0x00000000       0x24 MCAL/DIO/atmega32_DIO.o
 .text.DIO_readPort
                0x00000000       0x2c MCAL/DIO/atmega32_DIO.o
 .text          0x00000000        0x0 MCAL/Interrupts/atmega32_Interrupts.o
 .data          0x00000000        0x0 MCAL/Interrupts/atmega32_Interrupts.o
 .bss           0x00000000        0x0 MCAL/Interrupts/atmega32_Interrupts.o
 .text.Ext_Int0_Enable
                0x00000000       0x1e MCAL/Interrupts/atmega32_Interrupts.o
 .text.Ext_Int0_Disable
                0x00000000        0x8 MCAL/Interrupts/atmega32_Interrupts.o
 .text.Ext_Int1_Disable
                0x00000000        0x8 MCAL/Interrupts/atmega32_Interrupts.o
 .text.Ext_Int2_Enable
                0x00000000       0x1e MCAL/Interrupts/atmega32_Interrupts.o
 .text.Ext_Int2_Disable
                0x00000000        0x8 MCAL/Interrupts/atmega32_Interrupts.o
 .text          0x00000000        0x0 c:/program files (x86)/atmel/studio/7.0/toolchain/avr8/avr8-gnu-toolchain/bin/../lib/gcc/avr/5.4.0/avr5\libgcc.a(_exit.o)
 .data          0x00000000        0x0 c:/program files (x86)/atmel/studio/7.0/toolchain/avr8/avr8-gnu-toolchain/bin/../lib/gcc/avr/5.4.0/avr5\libgcc.a(_exit.o)
 .bss           0x00000000        0x0 c:/program files (x86)/atmel/studio/7.0/toolchain/avr8/avr8-gnu-toolchain/bin/../lib/gcc/avr/5.4.0/avr5\libgcc.a(_exit.o)
 .text.libgcc.mul
                0x00000000        0x0 c:/program files (x86)/atmel/studio/7.0/toolchain/avr8/avr8-gnu-toolchain/bin/../lib/gcc/avr/5.4.0/avr5\libgcc.a(_exit.o)
 .text.libgcc.div
                0x00000000        0x0 c:/program files (x86)/atmel/studio/7.0/toolchain/avr8/avr8-gnu-toolchain/bin/../lib/gcc/avr/5.4.0/avr5\libgcc.a(_exit.o)
 .text.libgcc   0x00000000        0x0 c:/program files (x86)/atmel/studio/7.0/toolchain/avr8/avr8-gnu-toolchain/bin/../lib/gcc/avr/5.4.0/avr5\libgcc.a(_exit.o)
 .text.libgcc.prologue
                0x00000000        0x0 c:/program files (x86)/atmel/studio/7.0/toolchain/avr8/avr8-gnu-toolchain/bin/../lib/gcc/avr/5.4.0/avr5\libgcc.a(_exit.o)
 .text.libgcc.builtins
                0x00000000        0x0 c:/program files (x86)/atmel/studio/7.0/toolchain/avr8/avr8-gnu-toolchain/bin/../lib/gcc/avr/5.4.0/avr5\libgcc.a(_exit.o)
 .text.libgcc.fmul
                0x00000000        0x0 c:/program files (x86)/atmel/studio/7.0/toolchain/avr8/avr8-gnu-toolchain/bin/../lib/gcc/avr/5.4.0/avr5\libgcc.a(_exit.o)
 .text.libgcc.fixed
                0x00000000        0x0 c:/program files (x86)/atmel/studio/7.0/toolchain/avr8/avr8-gnu-toolchain/bin/../lib/gcc/avr/5.4.0/avr5\libgcc.a(_exit.o)
 .text          0x00000000        0x0 c:/program files (x86)/atmel/studio/7.0/toolchain/avr8/avr8-gnu-toolchain/bin/../lib/gcc/avr/5.4.0/avr5\libgcc.a(_copy_data.o)
 .data          0x00000000        0x0 c:/program files (x86)/atmel/studio/7.0/toolchain/avr8/avr8-gnu-toolchain/bin/../lib/gcc/avr/5.4.0/avr5\libgcc.a(_copy_data.o)
 .bss           0x00000000        0x0 c:/program files (x86)/atmel/studio/7.0/toolchain/avr8/avr8-gnu-toolchain/bin/../lib/gcc/avr/5.4.0/avr5\libgcc.a(_copy_data.o)
 .text.libgcc.mul
                0x00000000        0x0 c:/program files (x86)/atmel/studio/7.0/toolchain/avr8/avr8-gnu-toolchain/bin/../lib/gcc/avr/5.4.0/avr5\libgcc.a(_copy_data.o)
 .text.libgcc.div
                0x00000000        0x0 c:/program files (x86)/atmel/studio/7.0/toolchain/avr8/avr8-gnu-toolchain/bin/../lib/gcc/avr/5.4.0/avr5\libgcc.a(_copy_data.o)
 .text.libgcc   0x00000000        0x0 c:/program files (x86)/atmel/studio/7.0/toolchain/avr8/avr8-gnu-toolchain/bin/../lib/gcc/avr/5.4.0/avr5\libgcc.a(_copy_data.o)
 .text.libgcc.prologue
                0x00000000        0x0 c:/program files (x86)/atmel/studio/7.0/toolchain/avr8/avr8-gnu-toolchain/bin/../lib/gcc/avr/5.4.0/avr5\libgcc.a(_copy_data.o)
 .text.libgcc.builtins
                0x00000000        0x0 c:/program files (x86)/atmel/studio/7.0/toolchain/avr8/avr8-gnu-toolchain/bin/../lib/gcc/avr/5.4.0/avr5\libgcc.a(_copy_data.o)
 .text.libgcc.fmul
                0x00000000        0x0 c:/program files (x86)/atmel/studio/7.0/toolchain/avr8/avr8-gnu-toolchain/bin/../lib/gcc/avr/5.4.0/avr5\libgcc.a(_copy_data.o)
 .text.libgcc.fixed
                0x00000000        0x0 c:/program files (x86)/atmel/studio/7.0/toolchain/avr8/avr8-gnu-toolchain/bin/../lib/gcc/avr/5.4.0/avr5\libgcc.a(_copy_data.o)
 .text          0x00000000        0x0 c:/program files (x86)/atmel/studio/7.0/toolchain/avr8/avr8-gnu-toolchain/bin/../lib/gcc/avr/5.4.0/avr5\libgcc.a(_clear_bss.o)
 .data          0x00000000        0x0 c:/program files (x86)/atmel/studio/7.0/toolchain/avr8/avr8-gnu-toolchain/bin/../lib/gcc/avr/5.4.0/avr5\libgcc.a(_clear_bss.o)
 .bss           0x00000000        0x0 c:/program files (x86)/atmel/studio/7.0/toolchain/avr8/avr8-gnu-toolchain/bin/../lib/gcc/avr/5.4.0/avr5\libgcc.a(_clear_bss.o)
 .text.libgcc.mul
                0x00000000        0x0 c:/program files (x86)/atmel/studio/7.0/toolchain/avr8/avr8-gnu-toolchain/bin/../lib/gcc/avr/5.4.0/avr5\libgcc.a(_clear_bss.o)
 .text.libgcc.div
                0x00000000        0x0 c:/program files (x86)/atmel/studio/7.0/toolchain/avr8/avr8-gnu-toolchain/bin/../lib/gcc/avr/5.4.0/avr5\libgcc.a(_clear_bss.o)
 .text.libgcc   0x00000000        0x0 c:/program files (x86)/atmel/studio/7.0/toolchain/avr8/avr8-gnu-toolchain/bin/../lib/gcc/avr/5.4.0/avr5\libgcc.a(_clear_bss.o)
 .text.libgcc.prologue
                0x00000000        0x0 c:/program files (x86)/atmel/studio/7.0/toolchain/avr8/avr8-gnu-toolchain/bin/../lib/gcc/avr/5.4.0/avr5\libgcc.a(_clear_bss.o)
 .text.libgcc.builtins
                0x00000000        0x0 c:/program files (x86)/atmel/studio/7.0/toolchain/avr8/avr8-gnu-toolchain/bin/../lib/gcc/avr/5.4.0/avr5\libgcc.a(_clear_bss.o)
 .text.libgcc.fmul
                0x00000000        0x0 c:/program files (x86)/atmel/studio/7.0/toolchain/avr8/avr8-gnu-toolchain/bin/../lib/gcc/avr/5.4.0/avr5\libgcc.a(_clear_bss.o)
 .text.libgcc.fixed
                0x00000000        0x0 c:/program files (x86)/atmel/studio/7.0/toolchain/avr8/avr8-gnu-toolchain/bin/../lib/gcc/avr/5.4.0/avr5\libgcc.a(_clear_bss.o)
 .text          0x00000000        0x0 c:/program files (x86)/atmel/studio/7.0/toolchain/avr8/avr8-gnu-toolchain/bin/../lib/gcc/avr/5.4.0/../../../../avr/lib/avr5\libc.a(itoa_ncheck.o)
 .data          0x00000000        0x0 c:/program files (x86)/atmel/studio/7.0/toolchain/avr8/avr8-gnu-toolchain/bin/../lib/gcc/avr/5.4.0/../../../../avr/lib/avr5\libc.a(itoa_ncheck.o)
 .bss           0x00000000        0x0 c:/program files (x86)/atmel/studio/7.0/toolchain/avr8/avr8-gnu-toolchain/bin/../lib/gcc/avr/5.4.0/../../../../avr/lib/avr5\libc.a(itoa_ncheck.o)
 .text.avr-libc
                0x00000000       0x16 c:/program files (x86)/atmel/studio/7.0/toolchain/avr8/avr8-gnu-toolchain/bin/../lib/gcc/avr/5.4.0/../../../../avr/lib/avr5\libc.a(itoa_ncheck.o)
 .text          0x00000000        0x0 c:/program files (x86)/atmel/studio/7.0/toolchain/avr8/avr8-gnu-toolchain/bin/../lib/gcc/avr/5.4.0/../../../../avr/lib/avr5\libc.a(utoa_ncheck.o)
 .data          0x00000000        0x0 c:/program files (x86)/atmel/studio/7.0/toolchain/avr8/avr8-gnu-toolchain/bin/../lib/gcc/avr/5.4.0/../../../../avr/lib/avr5\libc.a(utoa_ncheck.o)
 .bss           0x00000000        0x0 c:/program files (x86)/atmel/studio/7.0/toolchain/avr8/avr8-gnu-toolchain/bin/../lib/gcc/avr/5.4.0/../../../../avr/lib/avr5\libc.a(utoa_ncheck.o)
 .text.avr-libc
                0x00000000       0x34 c:/program files (x86)/atmel/studio/7.0/toolchain/avr8/avr8-gnu-toolchain/bin/../lib/gcc/avr/5.4.0/../../../../avr/lib/avr5\libc.a(utoa_ncheck.o)
 .text          0x00000000        0x0 c:/program files (x86)/atmel/studio/7.0/toolchain/avr8/avr8-gnu-toolchain/bin/../lib/gcc/avr/5.4.0/../../../../avr/lib/avr5\libc.a(strrev.o)
 .data          0x00000000        0x0 c:/program files (x86)/atmel/studio/7.0/toolchain/avr8/avr8-gnu-toolchain/bin/../lib/gcc/avr/5.4.0/../../../../avr/lib/avr5\libc.a(strrev.o)
 .bss           0x00000000        0x0 c:/program files (x86)/atmel/studio/7.0/toolchain/avr8/avr8-gnu-toolchain/bin/../lib/gcc/avr/5.4.0/../../../../avr/lib/avr5\libc.a(strrev.o)
 .text.avr-libc
                0x00000000       0x20 c:/program files (x86)/atmel/studio/7.0/toolchain/avr8/avr8-gnu-toolchain/bin/../lib/gcc/avr/5.4.0/../../../../avr/lib/avr5\libc.a(strrev.o)

Memory Configuration

Name             Origin             Length             Attributes
text             0x00000000         0x00008000         xr
data             0x00800060         0x00000800         rw !x
eeprom           0x00810000         0x00000400         rw !x
fuse             0x00820000         0x00000002         rw !x
lock             0x00830000         0x00000400         rw !x
signature        0x00840000         0x00000400         rw !x
user_signatures  0x00850000         0x00000400         rw !x
*default*        0x00000000         0xffffffff

Linker script and memory map

LOAD C:/Program Files (x86)/Atmel/Studio/7.0/Packs/atmel/ATmega_DFP/1.7.374/gcc/dev/atmega32/avr5/crtatmega32.o
LOAD Application/App.o
LOAD HAL/Button/Button.o
LOAD HAL/LCD/AVR_LCD.o
LOAD HAL/LED/LED.o
LOAD main.o
LOAD MCAL/DIO/atmega32_DIO.o
LOAD MCAL/Interrupts/atmega32_Interrupts.o
START GROUP
LOAD c:/program files (x86)/atmel/studio/7.0/toolchain/avr8/avr8-gnu-toolchain/bin/../lib/gcc/avr/5.4.0/../../../../avr/lib/avr5\libm.a
END GROUP
START GROUP
LOAD c:/program files (x86)/atmel/studio/7.0/toolchain/avr8/avr8-gnu-toolchain/bin/../lib/gcc/avr/5.4.0/avr5\libgcc.a
LOAD c:/program files (x86)/atmel/studio/7.0/toolchain/avr8/avr8-gnu-toolchain/bin/../lib/gcc/avr/5.4.0/../../../../avr/lib/avr5\libm.a
LOAD c:/program files (x86)/atmel/studio/7.0/toolchain/avr8/avr8-gnu-toolchain/bin/../lib/gcc/avr/5.4.0/../../../../avr/lib/avr5\libc.a
LOAD C:/Program Files (x86)/Atmel/Studio/7.0/Packs/atmel/ATmega_DFP/1.7.374/gcc/dev/atmega32/avr5\libatmega32.a
END GROUP
                0x00000000                __TEXT_REGION_ORIGIN__ = DEFINED (__TEXT_REGION_ORIGIN__)?__TEXT_REGION_ORIGIN__:0x0
                [0x00800060]                __DATA_REGION_ORIGIN__ = DEFINED (__DATA_REGION_ORIGIN__)?__DATA_REGION_ORIGIN__:0x800060
                [0x00008000]                __TEXT_REGION_LENGTH__ = DEFINED (__TEXT_REGION_LENGTH__)?__TEXT_REGION_LENGTH__:0x20000
                [0x00000800]                __DATA_REGION_LENGTH__ = DEFINED (__DATA_REGION_LENGTH__)?__DATA_REGION_LENGTH__:0xffa0
                [0x00000400]                __EEPROM_REGION_LENGTH__ = DEFINED (__EEPROM_REGION_LENGTH__)?__EEPROM_REGION_LENGTH__:0x10000
                [0x00000002]                __FUSE_REGION_LENGTH__ = DEFINED (__FUSE_REGION_LENGTH__)?__FUSE_REGION_LENGTH__:0x400
                0x00000400                __LOCK_REGION_LENGTH__ = DEFINED (__LOCK_REGION_LENGTH__)?__LOCK_REGION_LENGTH__:0x400
                0x00000400                __SIGNATURE_REGION_LENGTH__ = DEFINED (__SIGNATURE_REGION_LENGTH__)?__SIGNATURE_REGION_LENGTH__:0x400
                0x00000400                __USER_SIGNATURE_REGION_LENGTH__ = DEFINED (__USER_SIGNATURE_REGION_LENGTH__)?__USER_SIGNATURE_REGION_LENGTH__:0x400

.hash
 *(.hash)

.dynsym
 *(.dynsym)

.dynstr
 *(.dynstr)

.gnu.version
 *(.gnu.version)

.gnu.version_d
 *(.gnu.version_d)

.gnu.version_r
 *(.gnu.version_r)

.rel.init
 *(.rel.init)

.rela.init
 *(.rela.init)

.rel.text
 *(.rel.text)
 *(.rel.text.*)
 *(.rel.gnu.linkonce.t*)

.rela.text
 *(.rela.text)
 *(.rela.text.*)
 *(.rela.gnu.linkonce.t*)

.rel.fini
 *(.rel.fini)

.rela.fini
 *(.rela.fini)

.rel.rodata
 *(.rel.rodata)
 *(.rel.rodata.*)
 *(.rel.gnu.linkonce.r*)

.rela.rodata
 *(.rela.rodata)
 *(.rela.rodata.*)
 *(.rela.gnu.linkonce.r*)

.rel.data
 *(.rel.data)
 *(.rel.data.*)
 *(.rel.gnu.linkonce.d*)

.rela.data
 *(.rela.data)
 *(.rela.data.*)
 *(.rela.gnu.linkonce.d*)

.rel.ctors
 *(.rel.ctors)

.rela.ctors
 *(.rela.ctors)

.rel.dtors
 *(.rel.dtors)

.rela.dtors
 *(.rela.dtors)

.rel.got
 *(.rel.got)

.rela.got
 *(.rela.got)

.rel.bss
 *(.rel.bss)

.rela.bss
 *(.rela.bss)

.rel.plt
 *(.rel.plt)

.rela.plt
 *(.rela.plt)

.text           0x00000000      0xc5e
 *(.vectors)
 .vectors       0x00000000       0x54 C:/Program Files (x86)/Atmel/Studio/7.0/Packs/atmel/ATmega_DFP/1.7.374/gcc/dev/atmega32/avr5/crtatmega32.o
                0x00000000                __vector_default
                0x00000000                __vectors
 *(.vectors)
 *(.progmem.gcc*)
                0x00000054                . = ALIGN (0x2)
                0x00000054                __trampolines_start = .
 *(.trampolines)
 .trampolines   0x00000054        0x0 linker stubs
 *(.trampolines*)
                0x00000054                __trampolines_end = .
 *libprintf_flt.a:*(.progmem.data)
 *libc.a:*(.progmem.data)
 *(.progmem*)
                0x00000054                . = ALIGN (0x2)
 *(.jumptables)
 *(.jumptables*)
 *(.lowtext)
 *(.lowtext*)
                0x00000054                __ctors_start = .
 *(.ctors)
                0x00000054                __ctors_end = .
                0x00000054                __dtors_start = .
 *(.dtors)
                0x00000054                __dtors_end = .
 SORT(*)(.ctors)
 SORT(*)(.dtors)
 *(.init0)
 .init0         0x00000054        0x0 C:/Program Files (x86)/Atmel/Studio/7.0/Packs/atmel/ATmega_DFP/1.7.374/gcc/dev/atmega32/avr5/crtatmega32.o
                0x00000054                __init
 *(.init0)
 *(.init1)
 *(.init1)
 *(.init2)
 .init2         0x00000054        0xc C:/Program Files (x86)/Atmel/Studio/7.0/Packs/atmel/ATmega_DFP/1.7.374/gcc/dev/atmega32/avr5/crtatmega32.o
 *(.init2)
 *(.init3)
 *(.init3)
 *(.init4)
 .init4         0x00000060       0x16 c:/program files (x86)/atmel/studio/7.0/toolchain/avr8/avr8-gnu-toolchain/bin/../lib/gcc/avr/5.4.0/avr5\libgcc.a(_copy_data.o)
                0x00000060                __do_copy_data
 .init4         0x00000076       0x10 c:/program files (x86)/atmel/studio/7.0/toolchain/avr8/avr8-gnu-toolchain/bin/../lib/gcc/avr/5.4.0/avr5\libgcc.a(_clear_bss.o)
                0x00000076                __do_clear_bss
 *(.init4)
 *(.init5)
 *(.init5)
 *(.init6)
 *(.init6)
 *(.init7)
 *(.init7)
 *(.init8)
 *(.init8)
 *(.init9)
 .init9         0x00000086        0x8 C:/Program Files (x86)/Atmel/Studio/7.0/Packs/atmel/ATmega_DFP/1.7.374/gcc/dev/atmega32/avr5/crtatmega32.o
 *(.init9)
 *(.text)
 .text          0x0000008e        0x4 C:/Program Files (x86)/Atmel/Studio/7.0/Packs/atmel/ATmega_DFP/1.7.374/gcc/dev/atmega32/avr5/crtatmega32.o
                0x0000008e                __vector_1
                0x0000008e                __vector_12
                0x0000008e                __bad_interrupt
                0x0000008e                __vector_6
                0x0000008e                __vector_3
                0x0000008e                __vector_11
                0x0000008e                __vector_13
                0x0000008e                __vector_17
                0x0000008e                __vector_19
                0x0000008e                __vector_7
                0x0000008e                __vector_5
                0x0000008e                __vector_4
                0x0000008e                __vector_9
                0x0000008e                __vector_15
                0x0000008e                __vector_8
                0x0000008e                __vector_14
                0x0000008e                __vector_10
                0x0000008e                __vector_16
                0x0000008e                __vector_18
                0x0000008e                __vector_20
                0x00000092                . = ALIGN (0x2)
 *(.text.*)
 .text.CallbacktoPedestrianMode
                0x00000092        0x6 Application/App.o
                0x00000092                CallbacktoPedestrianMode
 .text.RG_Delay
                0x00000098       0xc8 Application/App.o
                0x00000098                RG_Delay
 .text.Y_Delay  0x00000160       0x32 Application/App.o
                0x00000160                Y_Delay
 .text.Yellow_Blink
                0x00000192       0x6a Application/App.o
                0x00000192                Yellow_Blink
 .text.CarMode  0x000001fc       0x6c Application/App.o
                0x000001fc                CarMode
 .text.App      0x00000268       0x1c Application/App.o
                0x00000268                App
 .text.Pedestrian_CountDown
                0x00000284       0xa2 Application/App.o
                0x00000284                Pedestrian_CountDown
 .text.Pedestrian_Routine
                0x00000326       0x2e Application/App.o
                0x00000326                Pedestrian_Routine
 .text.RoutineRED
                0x00000354        0x6 Application/App.o
                0x00000354                RoutineRED
 .text.RoutineGreen
                0x0000035a        0xa Application/App.o
                0x0000035a                RoutineGreen
 .text.RoutineYellow
                0x00000364        0xa Application/App.o
                0x00000364                RoutineYellow
 .text.PedestrianMode
                0x0000036e       0x34 Application/App.o
                0x0000036e                PedestrianMode
 .text.LCD_sendCommand
                0x000003a2      0x14a HAL/LCD/AVR_LCD.o
                0x000003a2                LCD_sendCommand
 .text.LCD_init
                0x000004ec       0x86 HAL/LCD/AVR_LCD.o
                0x000004ec                LCD_init
 .text.LCD_displayCharacter
                0x00000572      0x14a HAL/LCD/AVR_LCD.o
                0x00000572                LCD_displayCharacter
 .text.LCD_displayString
                0x000006bc       0x26 HAL/LCD/AVR_LCD.o
                0x000006bc                LCD_displayString
 .text.LCD_clearScreen
                0x000006e2        0x8 HAL/LCD/AVR_LCD.o
                0x000006e2                LCD_clearScreen
 .text.LCD_moveCursor
                0x000006ea       0x26 HAL/LCD/AVR_LCD.o
                0x000006ea                LCD_moveCursor
 .text.Led_Init
                0x00000710       0x68 HAL/LED/LED.o
                0x00000710                Led_Init
 .text.Led_Init_All
                0x00000778       0x1a HAL/LED/LED.o
                0x00000778                Led_Init_All
 .text.LED_on   0x00000792       0x40 HAL/LED/LED.o
                0x00000792                LED_on
 .text.Led_Off  0x000007d2       0x40 HAL/LED/LED.o
                0x000007d2                Led_Off
 .text.Led_Toggle
                0x00000812       0x38 HAL/LED/LED.o
                0x00000812                Led_Toggle
 .text.Led_Check
                0x0000084a       0x3c HAL/LED/LED.o
                0x0000084a                Led_Check
 .text.Led_All_Off
                0x00000886       0x2a HAL/LED/LED.o
                0x00000886                Led_All_Off
 .text.main     0x000008b0        0xa main.o
                0x000008b0                main
 .text.DIO_setupPinDirection
                0x000008ba       0xe6 MCAL/DIO/atmega32_DIO.o
                0x000008ba                DIO_setupPinDirection
 .text.DIO_writePin
                0x000009a0       0xe6 MCAL/DIO/atmega32_DIO.o
                0x000009a0                DIO_writePin
 .text.DIO_readPin
                0x00000a86       0xf4 MCAL/DIO/atmega32_DIO.o
                0x00000a86                DIO_readPin
 .text.DIO_TogglePin
                0x00000b7a       0x68 MCAL/DIO/atmega32_DIO.o
                0x00000b7a                DIO_TogglePin
 .text.Global_Interrupt_Init
                0x00000be2        0x8 MCAL/Interrupts/atmega32_Interrupts.o
                0x00000be2                Global_Interrupt_Init
 .text.Ext_Int1_Enable
                0x00000bea       0x18 MCAL/Interrupts/atmega32_Interrupts.o
                0x00000bea                Ext_Int1_Enable
 .text.Ext_Int1_SetFlag
                0x00000c02        0x8 MCAL/Interrupts/atmega32_Interrupts.o
                0x00000c02                Ext_Int1_SetFlag
 .text.__vector_2
                0x00000c0a       0x50 MCAL/Interrupts/atmega32_Interrupts.o
                0x00000c0a                __vector_2
                0x00000c5a                . = ALIGN (0x2)
 *(.fini9)
 .fini9         0x00000c5a        0x0 c:/program files (x86)/atmel/studio/7.0/toolchain/avr8/avr8-gnu-toolchain/bin/../lib/gcc/avr/5.4.0/avr5\libgcc.a(_exit.o)
                0x00000c5a                _exit
                0x00000c5a                exit
 *(.fini9)
 *(.fini8)
 *(.fini8)
 *(.fini7)
 *(.fini7)
 *(.fini6)
 *(.fini6)
 *(.fini5)
 *(.fini5)
 *(.fini4)
 *(.fini4)
 *(.fini3)
 *(.fini3)
 *(.fini2)
 *(.fini2)
 *(.fini1)
 *(.fini1)
 *(.fini0)
 .fini0         0x00000c5a        0x4 c:/program files (x86)/atmel/studio/7.0/toolchain/avr8/avr8-gnu-toolchain/bin/../lib/gcc/avr/5.4.0/avr5\libgcc.a(_exit.o)
 *(.fini0)
                0x00000c5e                _etext = .

.data           0x00800060       0x28 load address 0x00000c5e
                0x00800060                PROVIDE (__data_start, .)
 *(.data)
 *(.data*)
 .data.Callback_ptr
                0x00800060        0x2 Application/App.o
                0x00800060                Callback_ptr
 *(.gnu.linkonce.d*)
 *(.rodata)
 *(.rodata*)
 .rodata.str1.1
                0x00800062       0x26 Application/App.o
                                 0x37 (size before relaxing)
 *(.gnu.linkonce.r*)
                0x00800088                . = ALIGN (0x2)
                0x00800088                _edata = .
                0x00800088                PROVIDE (__data_end, .)

.bss            0x00800088        0x2
                0x00800088                PROVIDE (__bss_start, .)
 *(.bss)
 *(.bss*)
 .bss.Return_to_Car_Mode_flag
                0x00800088        0x1 Application/App.o
                0x00800088                Return_to_Car_Mode_flag
 .bss.Interrupt_Flag
                0x00800089        0x1 Application/App.o
                0x00800089                Interrupt_Flag
 *(COMMON)
                0x0080008a                PROVIDE (__bss_end, .)
                0x00000c5e                __data_load_start = LOADADDR (.data)
                0x00000c86                __data_load_end = (__data_load_start + SIZEOF (.data))

.noinit         0x0080008a        0x0
                [!provide]                PROVIDE (__noinit_start, .)
 *(.noinit*)
                [!provide]                PROVIDE (__noinit_end, .)
                0x0080008a                _end = .
                [!provide]                PROVIDE (__heap_start, .)

.eeprom         0x00810000        0x0
 *(.eeprom*)
                0x00810000                __eeprom_end = .

.fuse
 *(.fuse)
 *(.lfuse)
 *(.hfuse)
 *(.efuse)

.lock
 *(.lock*)

.signature
 *(.signature*)

.user_signatures
 *(.user_signatures*)

.stab
 *(.stab)

.stabstr
 *(.stabstr)

.stab.excl
 *(.stab.excl)

.stab.exclstr
 *(.stab.exclstr)

.stab.index
 *(.stab.index)

.stab.indexstr
 *(.stab.indexstr)

.comment        0x00000000       0x30
 *(.comment)
 .comment       0x00000000       0x30 Application/App.o
                                 0x31 (size before relaxing)
 .comment       0x00000030       0x31 HAL/LCD/AVR_LCD.o
 .comment       0x00000030       0x31 HAL/LED/LED.o
 .comment       0x00000030       0x31 main.o
 .comment       0x00000030       0x31 MCAL/DIO/atmega32_DIO.o
 .comment       0x00000030       0x31 MCAL/Interrupts/atmega32_Interrupts.o

.note.gnu.avr.deviceinfo
                0x00000000       0x3c
 .note.gnu.avr.deviceinfo
                0x00000000       0x3c C:/Program Files (x86)/Atmel/Studio/7.0/Packs/atmel/ATmega_DFP/1.7.374/gcc/dev/atmega32/avr5/crtatmega32.o

.note.gnu.build-id
 *(.note.gnu.build-id)

.debug
 *(.debug)

.line
 *(.line)

.debug_srcinfo
 *(.debug_srcinfo)

.debug_sfnames
 *(.debug_sfnames)

.debug_aranges  0x00000000      0x1f0
 *(.debug_aranges)
 .debug_aranges
                0x00000000       0x78 Application/App.o
 .debug_aranges
                0x00000078       0x58 HAL/LCD/AVR_LCD.o
 .debug_aranges
                0x000000d0       0x50 HAL/LED/LED.o
 .debug_aranges
                0x00000120       0x20 main.o
 .debug_aranges
                0x00000140       0x50 MCAL/DIO/atmega32_DIO.o
 .debug_aranges
                0x00000190       0x60 MCAL/Interrupts/atmega32_Interrupts.o

.debug_pubnames
 *(.debug_pubnames)

.debug_info     0x00000000     0x2414
 *(.debug_info .gnu.linkonce.wi.*)
 .debug_info    0x00000000      0x4e6 C:/Program Files (x86)/Atmel/Studio/7.0/Packs/atmel/ATmega_DFP/1.7.374/gcc/dev/atmega32/avr5/crtatmega32.o
 .debug_info    0x000004e6      0x9c6 Application/App.o
 .debug_info    0x00000eac      0xb76 HAL/LCD/AVR_LCD.o
 .debug_info    0x00001a22      0x524 HAL/LED/LED.o
 .debug_info    0x00001f46       0x65 main.o
 .debug_info    0x00001fab      0x25c MCAL/DIO/atmega32_DIO.o
 .debug_info    0x00002207      0x20d MCAL/Interrupts/atmega32_Interrupts.o

.debug_abbrev   0x00000000      0xbd3
 *(.debug_abbrev)
 .debug_abbrev  0x00000000      0x4a3 C:/Program Files (x86)/Atmel/Studio/7.0/Packs/atmel/ATmega_DFP/1.7.374/gcc/dev/atmega32/avr5/crtatmega32.o
 .debug_abbrev  0x000004a3      0x1e4 Application/App.o
 .debug_abbrev  0x00000687      0x215 HAL/LCD/AVR_LCD.o
 .debug_abbrev  0x0000089c       0xf3 HAL/LED/LED.o
 .debug_abbrev  0x0000098f       0x58 main.o
 .debug_abbrev  0x000009e7       0xea MCAL/DIO/atmega32_DIO.o
 .debug_abbrev  0x00000ad1      0x102 MCAL/Interrupts/atmega32_Interrupts.o

.debug_line     0x00000000     0x1205
 *(.debug_line .debug_line.* .debug_line_end)
 .debug_line    0x00000000      0x116 C:/Program Files (x86)/Atmel/Studio/7.0/Packs/atmel/ATmega_DFP/1.7.374/gcc/dev/atmega32/avr5/crtatmega32.o
 .debug_line    0x00000116      0x57a Application/App.o
 .debug_line    0x00000690      0x429 HAL/LCD/AVR_LCD.o
 .debug_line    0x00000ab9      0x24f HAL/LED/LED.o
 .debug_line    0x00000d08       0x45 main.o
 .debug_line    0x00000d4d      0x2f9 MCAL/DIO/atmega32_DIO.o
 .debug_line    0x00001046      0x1bf MCAL/Interrupts/atmega32_Interrupts.o

.debug_frame    0x00000000      0x3e8
 *(.debug_frame)
 .debug_frame   0x00000000       0xf0 Application/App.o
 .debug_frame   0x000000f0       0xd0 HAL/LCD/AVR_LCD.o
 .debug_frame   0x000001c0       0x84 HAL/LED/LED.o
 .debug_frame   0x00000244       0x24 main.o
 .debug_frame   0x00000268       0x84 MCAL/DIO/atmega32_DIO.o
 .debug_frame   0x000002ec       0xfc MCAL/Interrupts/atmega32_Interrupts.o

.debug_str      0x00000000      0x750
 *(.debug_str)
 .debug_str     0x00000000      0x196 C:/Program Files (x86)/Atmel/Studio/7.0/Packs/atmel/ATmega_DFP/1.7.374/gcc/dev/atmega32/avr5/crtatmega32.o
 .debug_str     0x00000196      0x369 Application/App.o
                                0x3b1 (size before relaxing)
 .debug_str     0x000004ff       0xdc HAL/LCD/AVR_LCD.o
                                0x327 (size before relaxing)
 .debug_str     0x000005db       0x45 HAL/LED/LED.o
                                0x268 (size before relaxing)
 .debug_str     0x00000620       0x11 main.o
                                0x128 (size before relaxing)
 .debug_str     0x00000631       0x98 MCAL/DIO/atmega32_DIO.o
                                0x2a3 (size before relaxing)
 .debug_str     0x000006c9       0x87 MCAL/Interrupts/atmega32_Interrupts.o
                                0x2c2 (size before relaxing)

.debug_loc      0x00000000     0x133c
 *(.debug_loc)
 .debug_loc     0x00000000      0x35e Application/App.o
 .debug_loc     0x0000035e      0x7cc HAL/LCD/AVR_LCD.o
 .debug_loc     0x00000b2a      0x2b0 HAL/LED/LED.o
 .debug_loc     0x00000dda      0x3fb MCAL/DIO/atmega32_DIO.o
 .debug_loc     0x000011d5      0x167 MCAL/Interrupts/atmega32_Interrupts.o

.debug_macinfo
 *(.debug_macinfo)

.debug_weaknames
 *(.debug_weaknames)

.debug_funcnames
 *(.debug_funcnames)

.debug_typenames
 *(.debug_typenames)

.debug_varnames
 *(.debug_varnames)

.debug_pubtypes
 *(.debug_pubtypes)

.debug_ranges   0x00000000      0x1a8
 *(.debug_ranges)
 .debug_ranges  0x00000000       0x80 Application/App.o
 .debug_ranges  0x00000080       0x48 HAL/LCD/AVR_LCD.o
 .debug_ranges  0x000000c8       0x40 HAL/LED/LED.o
 .debug_ranges  0x00000108       0x10 main.o
 .debug_ranges  0x00000118       0x40 MCAL/DIO/atmega32_DIO.o
 .debug_ranges  0x00000158       0x50 MCAL/Interrupts/atmega32_Interrupts.o

.debug_macro
 *(.debug_macro)
OUTPUT(Traffic-Control-Light_Project.elf elf32-avr)
LOAD linker stubs
